// Jest Snapshot v1, https://goo.gl/fbAQLP

exports[`<TodoList /> renders without crashing 1`] = `
<List
  animated={true}
  bulleted={true}
  relaxed={true}
  size="large"
/>
`;
