// Jest Snapshot v1, https://goo.gl/fbAQLP

exports[`<Todo /> renders without crashing 1`] = `
<li
  className="todo"
  onClick={[Function]}
>
  Todo
</li>
`;
